{"adapter_id":"tabular","adapter_version":"0.2.0","config":{"csv_delimiter":"auto","csv_header":"first_row","max_column_chunk_bytes":268435456,"max_columns":16384,"max_footer_bytes":16777216,"max_json_depth":64,"max_row_bytes":1048576,"max_rows":100000000,"xlsx_max_cells":1000000,"xlsx_max_compression_ratio":100,"xlsx_max_gap_ratio":64,"xlsx_max_part_bytes":134217728,"xlsx_max_parts":10000,"xlsx_max_shared_string_bytes":33554432,"xlsx_max_shared_strings":1000000,"xlsx_max_sheets":256,"xlsx_max_styles":100000,"xlsx_max_total_bytes":1073741824},"config_hash":"sha256:f3ca9581546a2282c7f34e2bf1099ae063e846658f37c73890809d2db1dc219f","id":"rec:sha256:a849dd8958894962bea0fd7cd6f2ba091c0c42fb86f8c4418dfd7cde28f285b0","kind":"transform_record","libraries":{"pyarrow":"25.0.1"},"schema_version":1,"upstream":[]}
{"cells":[{"knowledge":"known","value":"0"},{"knowledge":"known","value":"97.5"},{"knowledge":"known","value":"docked, charging"},{"knowledge":"known","value":"0.0"},{"knowledge":"known","value":"0.0"}],"id":"rec:sha256:0b14bcee11b60e23364871856050e351629ec4c115058b15278b20cd57af17d7","kind":"structured_record","provenance":{"assertion_kind":"observed","evidence":{"locator":[{"kind":"row","row":1}],"source":"sha256:f843b7b095dbf0122eec3d66d3e566da29273edb74143dbebadb95fdb30feeab"},"transform":"rec:sha256:a849dd8958894962bea0fd7cd6f2ba091c0c42fb86f8c4418dfd7cde28f285b0"},"row":1,"schema_version":1,"table":"rec:sha256:9c919caa5a8af98cbe8f63574fb3fa2b4902c0068a45d982ef3bf42410a17955"}
{"cells":[{"knowledge":"known","value":"3000"},{"knowledge":"known","value":"96.8"},{"knowledge":"known","value":"n/a"},{"knowledge":"known","value":"0.75"},{"knowledge":"known","value":"0.02"}],"id":"rec:sha256:32731f93df07fc30802184c88c4c52d19101ab2069cda9601d99cfd05b0168d1","kind":"structured_record","provenance":{"assertion_kind":"observed","evidence":{"locator":[{"kind":"row","row":4}],"source":"sha256:f843b7b095dbf0122eec3d66d3e566da29273edb74143dbebadb95fdb30feeab"},"transform":"rec:sha256:a849dd8958894962bea0fd7cd6f2ba091c0c42fb86f8c4418dfd7cde28f285b0"},"row":4,"schema_version":1,"table":"rec:sha256:9c919caa5a8af98cbe8f63574fb3fa2b4902c0068a45d982ef3bf42410a17955"}
{"cells":[{"knowledge":"known","value":"1000"},{"knowledge":"known","value":"97.1"},{"knowledge":"known","value":"said \"go\""},{"knowledge":"known","value":"0.25"},{"knowledge":"known","value":"0.0"}],"id":"rec:sha256:7296c0e3b0104a5558c452247905eab8c147798b809f01b718e16a681307ed5d","kind":"structured_record","provenance":{"assertion_kind":"observed","evidence":{"locator":[{"kind":"row","row":2}],"source":"sha256:f843b7b095dbf0122eec3d66d3e566da29273edb74143dbebadb95fdb30feeab"},"transform":"rec:sha256:a849dd8958894962bea0fd7cd6f2ba091c0c42fb86f8c4418dfd7cde28f285b0"},"row":2,"schema_version":1,"table":"rec:sha256:9c919caa5a8af98cbe8f63574fb3fa2b4902c0068a45d982ef3bf42410a17955"}
{"header":{"knowledge":"known","provenance":{"assertion_kind":"observed","evidence":{"locator":[{"kind":"row","row":0}],"source":"sha256:f843b7b095dbf0122eec3d66d3e566da29273edb74143dbebadb95fdb30feeab"},"transform":"rec:sha256:a849dd8958894962bea0fd7cd6f2ba091c0c42fb86f8c4418dfd7cde28f285b0"},"value":["t_ms","battery_pct","note","x_m","y_m"]},"id":"rec:sha256:9c919caa5a8af98cbe8f63574fb3fa2b4902c0068a45d982ef3bf42410a17955","kind":"structured_table","name":{"knowledge":"not_covered"},"provenance":{"assertion_kind":"observed","evidence":{"locator":[{"kind":"byte_range","length":142,"offset":0}],"source":"sha256:f843b7b095dbf0122eec3d66d3e566da29273edb74143dbebadb95fdb30feeab"},"transform":"rec:sha256:a849dd8958894962bea0fd7cd6f2ba091c0c42fb86f8c4418dfd7cde28f285b0"},"schema_version":1}
{"cells":[{"knowledge":"known","value":"2000"},{"knowledge":"unknown"},{"knowledge":"unknown"},{"knowledge":"known","value":"0.5"},{"knowledge":"known","value":"0.01"}],"id":"rec:sha256:c48a4ef661d0695181fd35b8eaa5a0740c4e5cd9b3515470618aad6df48f1f99","kind":"structured_record","provenance":{"assertion_kind":"observed","evidence":{"locator":[{"kind":"row","row":3}],"source":"sha256:f843b7b095dbf0122eec3d66d3e566da29273edb74143dbebadb95fdb30feeab"},"transform":"rec:sha256:a849dd8958894962bea0fd7cd6f2ba091c0c42fb86f8c4418dfd7cde28f285b0"},"row":3,"schema_version":1,"table":"rec:sha256:9c919caa5a8af98cbe8f63574fb3fa2b4902c0068a45d982ef3bf42410a17955"}
{"category":"missing","code":"tabular.csv_dialect","details":{"bom":false,"delimiter":",","delimiter_rule":"sniffed","encoding":"utf-8","header":"first_row","line_endings":{"crlf":5,"lf":0},"quote":"\""},"id":"rec:sha256:972bf3fa5271d347f323939695780af91dc21b2fd42b512df589a1b4f96b910a","kind":"ingest_finding","message":"a CSV declares no dialect: read as UTF-8, delimited by comma (sniffed), quoted with '\"', header first_row","records":["rec:sha256:9c919caa5a8af98cbe8f63574fb3fa2b4902c0068a45d982ef3bf42410a17955"],"related":[],"schema_version":1,"severity":"info","subject":{"kind":"evidence","ref":{"locator":[{"kind":"byte_range","length":142,"offset":0}],"source":"sha256:f843b7b095dbf0122eec3d66d3e566da29273edb74143dbebadb95fdb30feeab"}},"transform":"rec:sha256:a849dd8958894962bea0fd7cd6f2ba091c0c42fb86f8c4418dfd7cde28f285b0"}
