{"adapter_id":"tabular","adapter_version":"0.2.0","config":{"csv_delimiter":"auto","csv_header":"undeclared","max_column_chunk_bytes":268435456,"max_columns":16384,"max_footer_bytes":16777216,"max_json_depth":64,"max_row_bytes":1048576,"max_rows":100000000,"xlsx_max_cells":1000000,"xlsx_max_compression_ratio":100,"xlsx_max_part_bytes":134217728,"xlsx_max_parts":10000,"xlsx_max_shared_string_bytes":33554432,"xlsx_max_shared_strings":1000000,"xlsx_max_sheets":256,"xlsx_max_styles":100000,"xlsx_max_total_bytes":1073741824},"config_hash":"sha256:1982158e90ce5d335ed3ab36d97c01d1260dd85d94a2aabd258f7eead635eb9a","id":"rec:sha256:25dcc96b8428030019e2574346e07b3936c5162342dbd5286128126d1286fd9e","kind":"transform_record","libraries":{"pyarrow":"25.0.1"},"schema_version":1,"upstream":[]}
{"category":"corrupt","code":"tabular.parquet_footer","details":{},"id":"rec:sha256:892f3f723744a8a3c89b2a100c73f375b551c8104ce1376a7ee95af177db781a","kind":"ingest_finding","message":"the file does not end with Parquet's magic: it is cut short or not Parquet","records":[],"related":[],"schema_version":1,"severity":"error","subject":{"kind":"evidence","ref":{"locator":[{"kind":"byte_range","length":8,"offset":3657}],"source":"sha256:fa179d0f98ccbd46be54c8c9b272613da8a027e3a4d5c9ae3b4b744f1e87db01"}},"transform":"rec:sha256:25dcc96b8428030019e2574346e07b3936c5162342dbd5286128126d1286fd9e"}
